<!DOCTYPE html>
<html lang="en">
    <head>
        <meta charset="utf-8">
        <meta name="viewport" content="width=device-width, initial-scale=1">

        <title>Laravel</title>
        
    </head>
    <body >
        <form>
            <input type="hidden" name="_token" value="nj9BTCPaKgoFNeic02MZKz5hPjxd8RFO08oCtcXT">            <input type="text" name="name">
            <button type="button">Submit</button>
        </form>
    </body>
</html>
